// Jest Snapshot v1, https://goo.gl/fbAQLP

exports[`<Home /> should render basic footer infos 1`] = `<withRouter(Connect(Livraria)) />`;
