// Jest Snapshot v1, https://goo.gl/fbAQLP

exports[`<Button /> should render basic infos 1`] = `<styled.button />`;
