// Jest Snapshot v1, https://goo.gl/fbAQLP

exports[`<Layout /> should render basic infos 1`] = `
<Styled(WithStyles(ForwardRef(Grid)))>
  <Memo(GlobalStyleComponent) />
  <withRouter(Connect(Header)) />
  <styled.div />
</Styled(WithStyles(ForwardRef(Grid)))>
`;
