// Jest Snapshot v1, https://goo.gl/fbAQLP

exports[`<App /> should render basic infos 1`] = `
<BrowserRouter>
  <Switch>
    <Route
      component={[Function]}
      exact={true}
      path="/"
    />
    <Route
      component={[Function]}
      path="/carrinho"
    />
    <Route
      component={[Function]}
      path="/details"
    />
  </Switch>
</BrowserRouter>
`;
