// Jest Snapshot v1, https://goo.gl/fbAQLP

exports[`<Title /> should render basic infos 1`] = `<styled.span />`;
