// Jest Snapshot v1, https://goo.gl/fbAQLP

exports[`<Text /> should render basic infos 1`] = `<styled.span />`;
