// Jest Snapshot v1, https://goo.gl/fbAQLP

exports[`<Details /> should render basic infos 1`] = `
<ContextConsumer>
  <Component />
</ContextConsumer>
`;
